Microchip MPLAB XC8 Compiler V2.50

Linker command line:

-W-3 --edf=J:\Microchip\xc8\v2.50\pic\dat\20240725155939_en.msgs -cn \
  -h+dist/default/production\pot_ADC.X.production.sym \
  --cmf=dist/default/production\pot_ADC.X.production.cmf -z -Q16F877A \
  -oC:\Users\Prasanna\AppData\Local\Temp\xcAs20g.\driver_tmp_3.o \
  --defsym=__MPLAB_BUILD=1 --fixupoverflow=error \
  -Mdist/default/production/pot_ADC.X.production.map \
  --md=C:\Users\Prasanna\AppData\Local\Temp\xcAs20g.\driver_tmp_0.dat -E1 \
  -ver=XC8 Compiler --acfsm=1493 -ACODE=00h-07FFhx4 -ASTRCODE=00h-01FFFh \
  -ASTRING=00h-0FFhx32 -ACONST=00h-0FFhx32 -AENTRY=00h-0FFhx32 \
  -ACOMMON=070h-07Fh -ABANK0=020h-06Fh -ABANK1=0A0h-0EFh \
  -ABANK2=0110h-016Fh -ABANK3=0190h-01EFh \
  -ARAM=020h-06Fh,0A0h-0EFh,0110h-016Fh,0190h-01EFh \
  -AABS1=020h-07Fh,0A0h-0EFh,0110h-016Fh,0190h-01EFh -ASFR0=00h-01Fh \
  -ASFR1=080h-09Fh -ASFR2=0100h-010Fh -ASFR3=0180h-018Fh \
  -ACONFIG=02007h-02007h -DCONFIG=2 -AIDLOC=02000h-02003h -DIDLOC=2 \
  -AEEDATA=00h-0FFh/02100h -peeprom_data=EEDATA -DEEDATA=2 -DCODE=2 \
  -DSTRCODE=2 -DSTRING=2 -DCONST=2 -DENTRY=2 \
  -preset_vec=00h,intentry=04h,sivt,init,end_init -ppowerup=CODE \
  -pcinit=CODE -pfunctab=ENTRY -k \
  C:\Users\Prasanna\AppData\Local\Temp\xcAs20g.\driver_tmp_13.o \
  dist/default/production\pot_ADC.X.production.o 

Object code version is 3.11

Machine type is 16F877A



                Name                               Link     Load   Length Selector   Space Scale
C:\Users\Prasanna\AppData\Local\Temp\xcAs20g.\driver_tmp_13.o
                end_init                              E        E        3        8       0
                reset_vec                             0        0        3        0       0
                config                             2007     2007        1        0       4
dist/default/production\pot_ADC.X.production.o
                cinit                                11       11       14        8       0
                intentry                              4        4        A        8       0
                config                             2007     2007        1        0       4
                text7                               16D      16D       29        8       0
                text6                                EF       EF       44        8       0
                text5                               133      133       3A        8       0
                text4                               1EE      1EE       17        8       0
                text3                               1BE      1BE       19        8       0
                text2                               1D7      1D7       17        8       0
                text1                               196      196       28        8       0
                maintext                             25       25       CA        8       0
                cstackBANK0                          2A       2A        9       20       1
                cstackCOMMON                         70       70        5       70       1
                bssBANK0                             20       20        A       20       1
                bssCOMMON                            75       75        4       70       1
                strings                             205      205       10      40A       0

TOTAL           Name                               Link     Load   Length     Space
        CLASS   CODE           
                end_init                              E        E        3         0
                cinit                                11       11       14         0
                intentry                              4        4        A         0
                reset_vec                             0        0        3         0
                text7                               16D      16D       29         0
                text6                                EF       EF       44         0
                text5                               133      133       3A         0
                text4                               1EE      1EE       17         0
                text3                               1BE      1BE       19         0
                text2                               1D7      1D7       17         0
                text1                               196      196       28         0
                maintext                             25       25       CA         0

        CLASS   STRCODE        

        CLASS   STRING         
                strings                             205      205       10         0

        CLASS   CONST          

        CLASS   ENTRY          

        CLASS   COMMON         
                cstackCOMMON                         70       70        5         1
                bssCOMMON                            75       75        4         1

        CLASS   BANK0          
                cstackBANK0                          2A       2A        9         1
                bssBANK0                             20       20        A         1

        CLASS   BANK1          

        CLASS   BANK2          

        CLASS   BANK3          

        CLASS   RAM            

        CLASS   ABS1           
                abs_s1                               7E       7E        2         1

        CLASS   SFR0           

        CLASS   SFR1           

        CLASS   SFR2           

        CLASS   SFR3           

        CLASS   CONFIG         
                config                             2007     2007        1         4

        CLASS   IDLOC          

        CLASS   EEDATA         

        CLASS   HEAP           

        CLASS   STACK          



SEGMENTS        Name                           Load    Length   Top    Selector   Space  Class     Delta

                reset_vec                      000000  000003  000003         0       0  CODE        2
                intentry                       000004  000201  000205         8       0  CODE        2
                bssBANK0                       000020  000013  000033        20       1  BANK0       1
                cstackCOMMON                   000070  000009  000079        70       1  COMMON      1
                strings                        000205  000010  000215       40A       0  STRING      2


UNUSED ADDRESS RANGES

        Name                Unused          Largest block    Delta
        BANK0            0033-006F             3D           1
        BANK1            00A0-00EF             50           1
        BANK2            0110-016F             60           1
        BANK3            0190-01EF             60           1
        CODE             0003-0003              1           2
                         0215-1FFF            800
        COMMON           0079-007D              5           1
        CONST            0003-0003              1           2
                         0215-1FFF            100
        EEDATA           2100-21FF            100           2
        ENTRY            0003-0003              1           2
                         0215-1FFF            100
        IDLOC            2000-2003              4           2
        RAM              0033-006F             3D           1
                         00A0-00EF             50
                         0110-016F             60
                         0190-01EF             60
        SFR0             0000-001F             20           1
        SFR1             0080-009F             20           1
        SFR2             0100-010F             10           1
        SFR3             0180-018F             10           1
        STRCODE          0003-0003              1           2
                         0215-1FFF           1DEB
        STRING           0003-0003              1           2
                         0215-1FFF            100

                                  Symbol Table

?___lwdiv                cstackBANK0  002A
?___lwmod                cstackBANK0  002A
_ADCON0                  (abs)        001F
_ADCON1                  (abs)        009F
_ADRESH                  (abs)        001E
_ADRESL                  (abs)        009E
_INTCONbits              (abs)        000B
_PIE1bits                (abs)        008C
_PIR1bits                (abs)        000C
_PORTBbits               (abs)        0006
_PORTC                   (abs)        0007
_TRISB                   (abs)        0086
_TRISC                   (abs)        0087
__H__absolute__          __absolute__ 0000
__Habs1                  abs1         0000
__Hbank0                 bank0        0000
__Hbank1                 bank1        0000
__Hbank2                 bank2        0000
__Hbank3                 bank3        0000
__HbssBANK0              bssBANK0     0000
__HbssCOMMON             bssCOMMON    0000
__Hcinit                 cinit        0025
__Hclrtext               clrtext      0000
__Hcode                  code         0000
__Hcommon                common       0000
__Hconfig                config       2008
__HcstackBANK0           cstackBANK0  0000
__HcstackCOMMON          cstackCOMMON 0000
__Heeprom_data           eeprom_data  0000
__Hend_init              end_init     0011
__Hfunctab               functab      0000
__Hheap                  heap         0000
__Hinit                  init         000E
__Hintentry              intentry     000E
__Hmaintext              maintext     0000
__Hpowerup               powerup      0000
__Hram                   ram          0000
__Hreset_vec             reset_vec    0003
__Hsfr0                  sfr0         0000
__Hsfr1                  sfr1         0000
__Hsfr2                  sfr2         0000
__Hsfr3                  sfr3         0000
__Hsivt                  sivt         000E
__Hspace_0               (abs)        0215
__Hspace_1               (abs)        0079
__Hspace_2               (abs)        0000
__Hspace_3               (abs)        0000
__Hspace_4               (abs)        400F
__Hstack                 stack        0000
__Hstrings               strings      0000
__Htext                  text         0000
__L__absolute__          __absolute__ 0000
__Labs1                  abs1         0000
__Lbank0                 bank0        0000
__Lbank1                 bank1        0000
__Lbank2                 bank2        0000
__Lbank3                 bank3        0000
__LbssBANK0              bssBANK0     0000
__LbssCOMMON             bssCOMMON    0000
__Lcinit                 cinit        0011
__Lclrtext               clrtext      0000
__Lcode                  code         0000
__Lcommon                common       0000
__Lconfig                config       0000
__LcstackBANK0           cstackBANK0  0000
__LcstackCOMMON          cstackCOMMON 0000
__Leeprom_data           eeprom_data  0000
__Lend_init              end_init     000E
__Lfunctab               functab      0000
__Lheap                  heap         0000
__Linit                  init         000E
__Lintentry              intentry     0004
__Lmaintext              maintext     0000
__Lpowerup               powerup      0000
__Lram                   ram          0000
__Lreset_vec             reset_vec    0000
__Lsfr0                  sfr0         0000
__Lsfr1                  sfr1         0000
__Lsfr2                  sfr2         0000
__Lsfr3                  sfr3         0000
__Lsivt                  sivt         000E
__Lspace_0               (abs)        0000
__Lspace_1               (abs)        0000
__Lspace_2               (abs)        0000
__Lspace_3               (abs)        0000
__Lspace_4               (abs)        0000
__Lstack                 stack        0000
__Lstrings               strings      0000
__Ltext                  text         0000
__S0                     (abs)        0215
__S1                     (abs)        0079
__S3                     (abs)        0000
___heap_hi               (abs)        0000
___heap_lo               (abs)        0000
___int_sp                stack        0000
___int_stack_hi          stack        0000
___int_stack_lo          stack        0000
___latbits               (abs)        0002
___lwdiv                 text6        00EF
___lwdiv@counter         cstackBANK0  002E
___lwdiv@dividend        cstackBANK0  002C
___lwdiv@divisor         cstackBANK0  002A
___lwdiv@quotient        cstackBANK0  002F
___lwmod                 text5        0133
___lwmod@counter         cstackBANK0  002E
___lwmod@dividend        cstackBANK0  002C
___lwmod@divisor         cstackBANK0  002A
___sp                    stack        0000
___stack_hi              stack        0000
___stack_lo              stack        0000
___stackhi               (abs)        0000
___stacklo               (abs)        0000
__end_of___lwdiv         text6        0133
__end_of___lwmod         text5        016D
__end_of__initialization cinit        0021
__end_of__stringtab      strings      020B
__end_of_lcd_command     text4        0205
__end_of_lcd_data        text2        01EE
__end_of_lcd_intialise   text3        01D7
__end_of_lcd_string      text1        01BE
__end_of_main            maintext     00EF
__end_of_pot_val         text7        0196
__initialization         cinit        0011
__pbssBANK0              bssBANK0     0020
__pbssCOMMON             bssCOMMON    0075
__pcstackBANK0           cstackBANK0  002A
__pcstackCOMMON          cstackCOMMON 0070
__pintentry              intentry     0004
__pmaintext              maintext     0025
__pstrings               strings      0205
__ptext1                 text1        0196
__ptext2                 text2        01D7
__ptext3                 text3        01BE
__ptext4                 text4        01EE
__ptext5                 text5        0133
__ptext6                 text6        00EF
__ptext7                 text7        016D
__stringbase             strings      020A
__stringtab              strings      0205
_a                       bssCOMMON    0075
_adc                     bssCOMMON    0077
_b                       bssBANK0     0028
_c                       bssBANK0     0026
_d                       bssBANK0     0024
_e                       bssBANK0     0022
_f                       bssBANK0     0020
_lcd_command             text4        01EE
_lcd_data                text2        01D7
_lcd_intialise           text3        01BE
_lcd_string              text1        0196
_main                    maintext     0025
_pot_val                 text7        016D
btemp                    (abs)        007E
end_of_initialization    cinit        0021
interrupt_function       intentry     0004
intlevel0                functab      0000
intlevel1                functab      0000
intlevel2                functab      0000
intlevel3                functab      0000
intlevel4                functab      0000
intlevel5                functab      0000
lcd_command@cmd          cstackBANK0  002C
lcd_data@data            cstackBANK0  002C
lcd_string@i             cstackBANK0  0031
lcd_string@num           cstackBANK0  002E
lcd_string@str           cstackBANK0  002D
reset_vec                reset_vec    0000
saved_w                  (abs)        007E
start                    init         000E
start_initialization     cinit        0011
wtemp0                   (abs)        007E


MODULE INFORMATION

Module		Function		Class		Link	Load	Size
J:\Microchip\xc8\v2.50\pic\sources\c90\common\lwdiv.c
		___lwdiv       		CODE           	00EF	0000	68

J:\Microchip\xc8\v2.50\pic\sources\c90\common\lwdiv.c estimated size: 68

shared
		__stringtab    		STRING         	0205	0000	6
		__initialization		CODE           	0011	0000	16

shared estimated size: 22

main.c
		_lcd_command   		CODE           	01EE	0000	23
		_lcd_data      		CODE           	01D7	0000	23
		_main          		CODE           	0025	0000	202
		_lcd_intialise 		CODE           	01BE	0000	25
		_pot_val       		CODE           	016D	0000	41
		_lcd_string    		CODE           	0196	0000	40

main.c estimated size: 354

J:\Microchip\xc8\v2.50\pic\sources\c90\common\lwmod.c
		___lwmod       		CODE           	0133	0000	58

J:\Microchip\xc8\v2.50\pic\sources\c90\common\lwmod.c estimated size: 58

